Cleaning build folder...
Setting up Visual Studio 2026 environment...
**********************************************************************
** Visual Studio 2026 Developer Command Prompt v18.0.2
** Copyright (c) 2025 Microsoft Corporation
**********************************************************************
[DEBUG:ext\vcvars.bat] Found potential v145 version file: 'Microsoft.VCToolsVersion.VC.14.50.18.0.txt'
[DEBUG:ext\vcvars.bat] Testing v145 version file: 'Microsoft.VCToolsVersion.VC.14.50.18.0.txt'

Configuring CMake...
-- Selecting Windows SDK version 10.0.26100.0 to target Windows 10.0.22631.
-- The CXX compiler identification is MSVC 19.50.35719.0
-- The C compiler identification is MSVC 19.50.35719.0
-- Detecting CXX compiler ABI info
-- Detecting CXX compiler ABI info - done
-- Check for working CXX compiler: C:/Program Files/Microsoft Visual Studio/18/Community/VC/Tools/MSVC/14.50.35717/bin/Hostx64/x64/cl.exe - skipped
-- Detecting CXX compile features
-- Detecting CXX compile features - done
-- Detecting C compiler ABI info
-- Detecting C compiler ABI info - done
-- Check for working C compiler: C:/Program Files/Microsoft Visual Studio/18/Community/VC/Tools/MSVC/14.50.35717/bin/Hostx64/x64/cl.exe - skipped
-- Detecting C compile features
-- Detecting C compile features - done
-- Configuring juceaide
-- Building juceaide
-- Exporting juceaide
-- Testing juceaide
-- Finished setting up juceaide
-- Configuring done (187.8s)
-- Generating done (0.5s)
-- Build files have been written to: C:/Users/HP/Documents/Aljaz/GitHub projects/paranoidFilteroid-effect-plugin/build

Building plugin...
MSBuild version 18.0.5+e22287bf1 for .NET Framework

  Checking File Globs
  1>Checking Build System
  Generating paranoidFilteroid_artefacts/JuceLibraryCode/paranoidFilteroid_resources.rc
  Building Custom Rule C:/Users/HP/Documents/Aljaz/GitHub projects/paranoidFilteroid-effect-plugin/CMakeLists.txt
  paranoidFilteroid_rc_lib.vcxproj -> C:\Users\HP\Documents\Aljaz\GitHub projects\paranoidFilteroid-effect-plugin\build\paranoidFilteroid_rc_lib.dir\Debug\paranoidFilteroid_rc_lib.lib
  Building Custom Rule C:/Users/HP/Documents/Aljaz/GitHub projects/paranoidFilteroid-effect-plugin/CMakeLists.txt
  Building Custom Rule C:/Users/HP/Documents/Aljaz/GitHub projects/paranoidFilteroid-effect-plugin/CMakeLists.txt
  juce_VST3ManifestHelper.cpp
  PluginProcessor.cpp
  paranoidFilteroid_vst3_helper.vcxproj -> C:\Users\HP\Documents\Aljaz\GitHub projects\paranoidFilteroid-effect-plugin\build\Debug\paranoidFilteroid_vst3_helper.exe
C:\Users\HP\Documents\Aljaz\GitHub projects\paranoidFilteroid-effect-plugin\Source\dsp\TelephonyFilter.h(55,24): error C2248: 'juce::dsp::IIR::Filter<float>::state': cannot access private member declared in class 'juce::dsp::IIR::Filter<float>' [C:\Users\HP\Documents\Aljaz\GitHub projects\paranoidFilteroid-effect-plugin\build\paranoidFilteroid.vcxproj]
  (compiling source file '../Source/core/PluginProcessor.cpp')
      C:\dev\JUCE\modules\juce_dsp\processors\juce_IIRFilter.h(398,21):
      see declaration of 'juce::dsp::IIR::Filter<float>::state'
      C:\dev\JUCE\modules\juce_dsp\processors\juce_IIRFilter.h(305,11):
      see declaration of 'juce::dsp::IIR::Filter<float>'
  
C:\Users\HP\Documents\Aljaz\GitHub projects\paranoidFilteroid-effect-plugin\Source\dsp\TelephonyFilter.h(55,71): error C2039: 'makeButterworthHighPass': is not a member of 'juce::dsp::IIR::Coefficients<float>' [C:\Users\HP\Documents\Aljaz\GitHub projects\paranoidFilteroid-effect-plugin\build\paranoidFilteroid.vcxproj]
  (compiling source file '../Source/core/PluginProcessor.cpp')
      C:\dev\JUCE\modules\juce_dsp\processors\juce_IIRFilter.h(132,12):
      see declaration of 'juce::dsp::IIR::Coefficients<float>'
  
C:\Users\HP\Documents\Aljaz\GitHub projects\paranoidFilteroid-effect-plugin\Source\dsp\TelephonyFilter.h(55,71): error C3861: 'makeButterworthHighPass': identifier not found [C:\Users\HP\Documents\Aljaz\GitHub projects\paranoidFilteroid-effect-plugin\build\paranoidFilteroid.vcxproj]
  (compiling source file '../Source/core/PluginProcessor.cpp')
  
C:\Users\HP\Documents\Aljaz\GitHub projects\paranoidFilteroid-effect-plugin\Source\dsp\TelephonyFilter.h(59,23): error C2248: 'juce::dsp::IIR::Filter<float>::state': cannot access private member declared in class 'juce::dsp::IIR::Filter<float>' [C:\Users\HP\Documents\Aljaz\GitHub projects\paranoidFilteroid-effect-plugin\build\paranoidFilteroid.vcxproj]
  (compiling source file '../Source/core/PluginProcessor.cpp')
      C:\dev\JUCE\modules\juce_dsp\processors\juce_IIRFilter.h(398,21):
      see declaration of 'juce::dsp::IIR::Filter<float>::state'
      C:\dev\JUCE\modules\juce_dsp\processors\juce_IIRFilter.h(305,11):
      see declaration of 'juce::dsp::IIR::Filter<float>'
  
C:\Users\HP\Documents\Aljaz\GitHub projects\paranoidFilteroid-effect-plugin\Source\dsp\TelephonyFilter.h(59,70): error C2039: 'makeButterworthLowPass': is not a member of 'juce::dsp::IIR::Coefficients<float>' [C:\Users\HP\Documents\Aljaz\GitHub projects\paranoidFilteroid-effect-plugin\build\paranoidFilteroid.vcxproj]
  (compiling source file '../Source/core/PluginProcessor.cpp')
      C:\dev\JUCE\modules\juce_dsp\processors\juce_IIRFilter.h(132,12):
      see declaration of 'juce::dsp::IIR::Coefficients<float>'
  
C:\Users\HP\Documents\Aljaz\GitHub projects\paranoidFilteroid-effect-plugin\Source\dsp\TelephonyFilter.h(59,70): error C3861: 'makeButterworthLowPass': identifier not found [C:\Users\HP\Documents\Aljaz\GitHub projects\paranoidFilteroid-effect-plugin\build\paranoidFilteroid.vcxproj]
  (compiling source file '../Source/core/PluginProcessor.cpp')
  
C:\Users\HP\Documents\Aljaz\GitHub projects\paranoidFilteroid-effect-plugin\Source\dsp\RadioFilter.h(56,24): error C2248: 'juce::dsp::IIR::Filter<float>::state': cannot access private member declared in class 'juce::dsp::IIR::Filter<float>' [C:\Users\HP\Documents\Aljaz\GitHub projects\paranoidFilteroid-effect-plugin\build\paranoidFilteroid.vcxproj]
  (compiling source file '../Source/core/PluginProcessor.cpp')
      C:\dev\JUCE\modules\juce_dsp\processors\juce_IIRFilter.h(398,21):
      see declaration of 'juce::dsp::IIR::Filter<float>::state'
      C:\dev\JUCE\modules\juce_dsp\processors\juce_IIRFilter.h(305,11):
      see declaration of 'juce::dsp::IIR::Filter<float>'
  
C:\Users\HP\Documents\Aljaz\GitHub projects\paranoidFilteroid-effect-plugin\Source\dsp\RadioFilter.h(56,71): error C2039: 'makeButterworthHighPass': is not a member of 'juce::dsp::IIR::Coefficients<float>' [C:\Users\HP\Documents\Aljaz\GitHub projects\paranoidFilteroid-effect-plugin\build\paranoidFilteroid.vcxproj]
  (compiling source file '../Source/core/PluginProcessor.cpp')
      C:\dev\JUCE\modules\juce_dsp\processors\juce_IIRFilter.h(132,12):
      see declaration of 'juce::dsp::IIR::Coefficients<float>'
  
C:\Users\HP\Documents\Aljaz\GitHub projects\paranoidFilteroid-effect-plugin\Source\dsp\RadioFilter.h(56,71): error C3861: 'makeButterworthHighPass': identifier not found [C:\Users\HP\Documents\Aljaz\GitHub projects\paranoidFilteroid-effect-plugin\build\paranoidFilteroid.vcxproj]
  (compiling source file '../Source/core/PluginProcessor.cpp')
  
C:\Users\HP\Documents\Aljaz\GitHub projects\paranoidFilteroid-effect-plugin\Source\dsp\RadioFilter.h(61,28): error C2248: 'juce::dsp::IIR::Filter<float>::state': cannot access private member declared in class 'juce::dsp::IIR::Filter<float>' [C:\Users\HP\Documents\Aljaz\GitHub projects\paranoidFilteroid-effect-plugin\build\paranoidFilteroid.vcxproj]
  (compiling source file '../Source/core/PluginProcessor.cpp')
      C:\dev\JUCE\modules\juce_dsp\processors\juce_IIRFilter.h(398,21):
      see declaration of 'juce::dsp::IIR::Filter<float>::state'
      C:\dev\JUCE\modules\juce_dsp\processors\juce_IIRFilter.h(305,11):
      see declaration of 'juce::dsp::IIR::Filter<float>'
  
C:\Users\HP\Documents\Aljaz\GitHub projects\paranoidFilteroid-effect-plugin\Source\dsp\RadioFilter.h(61,37): error C2440: '=': cannot convert from 'juce::dsp::IIR::Coefficients<float>' to 'SampleType' [C:\Users\HP\Documents\Aljaz\GitHub projects\paranoidFilteroid-effect-plugin\build\paranoidFilteroid.vcxproj]
C:\Users\HP\Documents\Aljaz\GitHub projects\paranoidFilteroid-effect-plugin\Source\dsp\RadioFilter.h(61,37): error C2440:         with [C:\Users\HP\Documents\Aljaz\GitHub projects\paranoidFilteroid-effect-plugin\build\paranoidFilteroid.vcxproj]
C:\Users\HP\Documents\Aljaz\GitHub projects\paranoidFilteroid-effect-plugin\Source\dsp\RadioFilter.h(61,37): error C2440:         [ [C:\Users\HP\Documents\Aljaz\GitHub projects\paranoidFilteroid-effect-plugin\build\paranoidFilteroid.vcxproj]
C:\Users\HP\Documents\Aljaz\GitHub projects\paranoidFilteroid-effect-plugin\Source\dsp\RadioFilter.h(61,37): error C2440:             SampleType=float [C:\Users\HP\Documents\Aljaz\GitHub projects\paranoidFilteroid-effect-plugin\build\paranoidFilteroid.vcxproj]
C:\Users\HP\Documents\Aljaz\GitHub projects\paranoidFilteroid-effect-plugin\Source\dsp\RadioFilter.h(61,37): error C2440:         ] [C:\Users\HP\Documents\Aljaz\GitHub projects\paranoidFilteroid-effect-plugin\build\paranoidFilteroid.vcxproj]
  (compiling source file '../Source/core/PluginProcessor.cpp')
      C:\Users\HP\Documents\Aljaz\GitHub projects\paranoidFilteroid-effect-plugin\Source\dsp\RadioFilter.h(61,37):
      No user-defined-conversion operator available that can perform this conversion, or the operator cannot be called
  
  PluginEditor.cpp
C:\Users\HP\Documents\Aljaz\GitHub projects\paranoidFilteroid-effect-plugin\Source\dsp\TelephonyFilter.h(55,24): error C2248: 'juce::dsp::IIR::Filter<float>::state': cannot access private member declared in class 'juce::dsp::IIR::Filter<float>' [C:\Users\HP\Documents\Aljaz\GitHub projects\paranoidFilteroid-effect-plugin\build\paranoidFilteroid.vcxproj]
  (compiling source file '../Source/core/PluginEditor.cpp')
      C:\dev\JUCE\modules\juce_dsp\processors\juce_IIRFilter.h(398,21):
      see declaration of 'juce::dsp::IIR::Filter<float>::state'
      C:\dev\JUCE\modules\juce_dsp\processors\juce_IIRFilter.h(305,11):
      see declaration of 'juce::dsp::IIR::Filter<float>'
  
C:\Users\HP\Documents\Aljaz\GitHub projects\paranoidFilteroid-effect-plugin\Source\dsp\TelephonyFilter.h(55,71): error C2039: 'makeButterworthHighPass': is not a member of 'juce::dsp::IIR::Coefficients<float>' [C:\Users\HP\Documents\Aljaz\GitHub projects\paranoidFilteroid-effect-plugin\build\paranoidFilteroid.vcxproj]
  (compiling source file '../Source/core/PluginEditor.cpp')
      C:\dev\JUCE\modules\juce_dsp\processors\juce_IIRFilter.h(132,12):
      see declaration of 'juce::dsp::IIR::Coefficients<float>'
  
C:\Users\HP\Documents\Aljaz\GitHub projects\paranoidFilteroid-effect-plugin\Source\dsp\TelephonyFilter.h(55,71): error C3861: 'makeButterworthHighPass': identifier not found [C:\Users\HP\Documents\Aljaz\GitHub projects\paranoidFilteroid-effect-plugin\build\paranoidFilteroid.vcxproj]
  (compiling source file '../Source/core/PluginEditor.cpp')
  
C:\Users\HP\Documents\Aljaz\GitHub projects\paranoidFilteroid-effect-plugin\Source\dsp\TelephonyFilter.h(59,23): error C2248: 'juce::dsp::IIR::Filter<float>::state': cannot access private member declared in class 'juce::dsp::IIR::Filter<float>' [C:\Users\HP\Documents\Aljaz\GitHub projects\paranoidFilteroid-effect-plugin\build\paranoidFilteroid.vcxproj]
  (compiling source file '../Source/core/PluginEditor.cpp')
      C:\dev\JUCE\modules\juce_dsp\processors\juce_IIRFilter.h(398,21):
      see declaration of 'juce::dsp::IIR::Filter<float>::state'
      C:\dev\JUCE\modules\juce_dsp\processors\juce_IIRFilter.h(305,11):
      see declaration of 'juce::dsp::IIR::Filter<float>'
  
C:\Users\HP\Documents\Aljaz\GitHub projects\paranoidFilteroid-effect-plugin\Source\dsp\TelephonyFilter.h(59,70): error C2039: 'makeButterworthLowPass': is not a member of 'juce::dsp::IIR::Coefficients<float>' [C:\Users\HP\Documents\Aljaz\GitHub projects\paranoidFilteroid-effect-plugin\build\paranoidFilteroid.vcxproj]
  (compiling source file '../Source/core/PluginEditor.cpp')
      C:\dev\JUCE\modules\juce_dsp\processors\juce_IIRFilter.h(132,12):
      see declaration of 'juce::dsp::IIR::Coefficients<float>'
  
C:\Users\HP\Documents\Aljaz\GitHub projects\paranoidFilteroid-effect-plugin\Source\dsp\TelephonyFilter.h(59,70): error C3861: 'makeButterworthLowPass': identifier not found [C:\Users\HP\Documents\Aljaz\GitHub projects\paranoidFilteroid-effect-plugin\build\paranoidFilteroid.vcxproj]
  (compiling source file '../Source/core/PluginEditor.cpp')
  
C:\Users\HP\Documents\Aljaz\GitHub projects\paranoidFilteroid-effect-plugin\Source\dsp\RadioFilter.h(56,24): error C2248: 'juce::dsp::IIR::Filter<float>::state': cannot access private member declared in class 'juce::dsp::IIR::Filter<float>' [C:\Users\HP\Documents\Aljaz\GitHub projects\paranoidFilteroid-effect-plugin\build\paranoidFilteroid.vcxproj]
  (compiling source file '../Source/core/PluginEditor.cpp')
      C:\dev\JUCE\modules\juce_dsp\processors\juce_IIRFilter.h(398,21):
      see declaration of 'juce::dsp::IIR::Filter<float>::state'
      C:\dev\JUCE\modules\juce_dsp\processors\juce_IIRFilter.h(305,11):
      see declaration of 'juce::dsp::IIR::Filter<float>'
  
C:\Users\HP\Documents\Aljaz\GitHub projects\paranoidFilteroid-effect-plugin\Source\dsp\RadioFilter.h(56,71): error C2039: 'makeButterworthHighPass': is not a member of 'juce::dsp::IIR::Coefficients<float>' [C:\Users\HP\Documents\Aljaz\GitHub projects\paranoidFilteroid-effect-plugin\build\paranoidFilteroid.vcxproj]
  (compiling source file '../Source/core/PluginEditor.cpp')
      C:\dev\JUCE\modules\juce_dsp\processors\juce_IIRFilter.h(132,12):
      see declaration of 'juce::dsp::IIR::Coefficients<float>'
  
C:\Users\HP\Documents\Aljaz\GitHub projects\paranoidFilteroid-effect-plugin\Source\dsp\RadioFilter.h(56,71): error C3861: 'makeButterworthHighPass': identifier not found [C:\Users\HP\Documents\Aljaz\GitHub projects\paranoidFilteroid-effect-plugin\build\paranoidFilteroid.vcxproj]
  (compiling source file '../Source/core/PluginEditor.cpp')
  
C:\Users\HP\Documents\Aljaz\GitHub projects\paranoidFilteroid-effect-plugin\Source\dsp\RadioFilter.h(61,28): error C2248: 'juce::dsp::IIR::Filter<float>::state': cannot access private member declared in class 'juce::dsp::IIR::Filter<float>' [C:\Users\HP\Documents\Aljaz\GitHub projects\paranoidFilteroid-effect-plugin\build\paranoidFilteroid.vcxproj]
  (compiling source file '../Source/core/PluginEditor.cpp')
      C:\dev\JUCE\modules\juce_dsp\processors\juce_IIRFilter.h(398,21):
      see declaration of 'juce::dsp::IIR::Filter<float>::state'
      C:\dev\JUCE\modules\juce_dsp\processors\juce_IIRFilter.h(305,11):
      see declaration of 'juce::dsp::IIR::Filter<float>'
  
C:\Users\HP\Documents\Aljaz\GitHub projects\paranoidFilteroid-effect-plugin\Source\dsp\RadioFilter.h(61,37): error C2440: '=': cannot convert from 'juce::dsp::IIR::Coefficients<float>' to 'SampleType' [C:\Users\HP\Documents\Aljaz\GitHub projects\paranoidFilteroid-effect-plugin\build\paranoidFilteroid.vcxproj]
C:\Users\HP\Documents\Aljaz\GitHub projects\paranoidFilteroid-effect-plugin\Source\dsp\RadioFilter.h(61,37): error C2440:         with [C:\Users\HP\Documents\Aljaz\GitHub projects\paranoidFilteroid-effect-plugin\build\paranoidFilteroid.vcxproj]
C:\Users\HP\Documents\Aljaz\GitHub projects\paranoidFilteroid-effect-plugin\Source\dsp\RadioFilter.h(61,37): error C2440:         [ [C:\Users\HP\Documents\Aljaz\GitHub projects\paranoidFilteroid-effect-plugin\build\paranoidFilteroid.vcxproj]
C:\Users\HP\Documents\Aljaz\GitHub projects\paranoidFilteroid-effect-plugin\Source\dsp\RadioFilter.h(61,37): error C2440:             SampleType=float [C:\Users\HP\Documents\Aljaz\GitHub projects\paranoidFilteroid-effect-plugin\build\paranoidFilteroid.vcxproj]
C:\Users\HP\Documents\Aljaz\GitHub projects\paranoidFilteroid-effect-plugin\Source\dsp\RadioFilter.h(61,37): error C2440:         ] [C:\Users\HP\Documents\Aljaz\GitHub projects\paranoidFilteroid-effect-plugin\build\paranoidFilteroid.vcxproj]
  (compiling source file '../Source/core/PluginEditor.cpp')
      C:\Users\HP\Documents\Aljaz\GitHub projects\paranoidFilteroid-effect-plugin\Source\dsp\RadioFilter.h(61,37):
      No user-defined-conversion operator available that can perform this conversion, or the operator cannot be called
  
  juce_audio_processors.cpp
  juce_audio_processors_ara.cpp
  juce_audio_processors_lv2_libs.cpp
  juce_gui_extra.cpp
  juce_gui_basics.cpp
  juce_graphics.cpp
  juce_graphics_Harfbuzz.cpp
  juce_events.cpp
  juce_core.cpp
  juce_core_CompilationTime.cpp
  juce_data_structures.cpp
  juce_audio_basics.cpp
  juce_audio_utils.cpp
  juce_audio_formats.cpp
  juce_audio_devices.cpp
  juce_dsp.cpp
  Generating Code...

BUILD FAILED - Check errors above

Waiting for 10 seconds, press a key to continue ... 9 8 7 6 5 4 3 2 1 0
